// Jest Snapshot v1, https://goo.gl/fbAQLP

exports[`UnitsCounter should render UnitsCounter with props 1`] = `
<div
  className="preloader"
>
  <svg
    className="circular"
    viewBox="25 25 50 50"
  >
    <circle
      className="path"
      cx="50"
      cy="50"
      fill="none"
      r="20"
      strokeMiterlimit="10"
      strokeWidth="2"
    />
  </svg>
</div>
`;
